Analyzing Parion...                                             

   info - 'announce' is deprecated and shouldn't be used. Use sendAnnouncement instead. This API is incompatible with multiple windows. This feature was deprecated after v3.35.0-0.1.pre - lib\widgets\statistics\accessibility_helpers.dart:13:22 - deprecated_member_use
  error - The method 'chartLabel' isn't defined for the type 'StatisticsAccessibility' - lib\widgets\statistics\interactive_line_chart.dart:72:51 - undefined_method
  error - 3 positional arguments expected by 'metricCardLabel', but 0 found - lib\widgets\statistics\metric_card.dart:47:7 - not_enough_positional_arguments
  error - The named parameter 'label' isn't defined - lib\widgets\statistics\metric_card.dart:47:7 - undefined_named_parameter
  error - The named parameter 'value' isn't defined - lib\widgets\statistics\metric_card.dart:48:7 - undefined_named_parameter
  error - The named parameter 'change' isn't defined - lib\widgets\statistics\metric_card.dart:49:7 - undefined_named_parameter
  error - The named parameter 'trend' isn't defined - lib\widgets\statistics\metric_card.dart:50:7 - undefined_named_parameter
  error - 2 positional arguments expected by 'summaryCardLabel', but 0 found - lib\widgets\statistics\summary_card.dart:29:7 - not_enough_positional_arguments
  error - The named parameter 'title' isn't defined - lib\widgets\statistics\summary_card.dart:29:7 - undefined_named_parameter
  error - The named parameter 'value' isn't defined - lib\widgets\statistics\summary_card.dart:30:7 - undefined_named_parameter
  error - The named parameter 'subtitle' isn't defined - lib\widgets\statistics\summary_card.dart:31:7 - undefined_named_parameter
  error - Target of URI doesn't exist: 'package:pario/models/spending_analysis.dart' - test\services\statistics_service_spending_analysis_property_test.dart:2:8 - uri_does_not_exist
  error - Target of URI doesn't exist: 'package:pario/models/spending_analysis.dart' - test\services\statistics_service_test.dart:4:8 - uri_does_not_exist
  error - The method 'currencyLabel' isn't defined for the type 'StatisticsAccessibility' - test\widgets\accessibility_test.dart:10:47 - undefined_method
  error - The method 'currencyLabel' isn't defined for the type 'StatisticsAccessibility' - test\widgets\accessibility_test.dart:15:47 - undefined_method
  error - The method 'currencyLabel' isn't defined for the type 'StatisticsAccessibility' - test\widgets\accessibility_test.dart:20:47 - undefined_method
  error - The method 'currencyLabel' isn't defined for the type 'StatisticsAccessibility' - test\widgets\accessibility_test.dart:25:47 - undefined_method
  error - The method 'percentageLabel' isn't defined for the type 'StatisticsAccessibility' - test\widgets\accessibility_test.dart:32:47 - undefined_method
  error - The method 'percentageLabel' isn't defined for the type 'StatisticsAccessibility' - test\widgets\accessibility_test.dart:37:47 - undefined_method
  error - The method 'dateLabel' isn't defined for the type 'StatisticsAccessibility' - test\widgets\accessibility_test.dart:45:47 - undefined_method
  error - The method 'dateLabel' isn't defined for the type 'StatisticsAccessibility' - test\widgets\accessibility_test.dart:51:47 - undefined_method
  error - The method 'trendLabel' isn't defined for the type 'StatisticsAccessibility' - test\widgets\accessibility_test.dart:58:47 - undefined_method
  error - The method 'trendLabel' isn't defined for the type 'StatisticsAccessibility' - test\widgets\accessibility_test.dart:63:47 - undefined_method
  error - The method 'trendLabel' isn't defined for the type 'StatisticsAccessibility' - test\widgets\accessibility_test.dart:68:47 - undefined_method
  error - 3 positional arguments expected by 'metricCardLabel', but 0 found - test\widgets\accessibility_test.dart:76:11 - not_enough_positional_arguments
  error - The named parameter 'label' isn't defined - test\widgets\accessibility_test.dart:76:11 - undefined_named_parameter
  error - The named parameter 'value' isn't defined - test\widgets\accessibility_test.dart:77:11 - undefined_named_parameter
  error - The named parameter 'change' isn't defined - test\widgets\accessibility_test.dart:78:11 - undefined_named_parameter
  error - The named parameter 'trend' isn't defined - test\widgets\accessibility_test.dart:79:11 - undefined_named_parameter
  error - 3 positional arguments expected by 'metricCardLabel', but 0 found - test\widgets\accessibility_test.dart:86:11 - not_enough_positional_arguments
  error - The named parameter 'label' isn't defined - test\widgets\accessibility_test.dart:86:11 - undefined_named_parameter
  error - The named parameter 'value' isn't defined - test\widgets\accessibility_test.dart:87:11 - undefined_named_parameter
  error - The named parameter 'trend' isn't defined - test\widgets\accessibility_test.dart:88:11 - undefined_named_parameter
  error - 3 positional arguments expected by 'metricCardLabel', but 0 found - test\widgets\accessibility_test.dart:95:11 - not_enough_positional_arguments
  error - The named parameter 'label' isn't defined - test\widgets\accessibility_test.dart:95:11 - undefined_named_parameter
  error - The named parameter 'value' isn't defined - test\widgets\accessibility_test.dart:96:11 - undefined_named_parameter
  error - The named parameter 'change' isn't defined - test\widgets\accessibility_test.dart:97:11 - undefined_named_parameter
  error - 3 positional arguments expected by 'metricCardLabel', but 0 found - test\widgets\accessibility_test.dart:104:11 - not_enough_positional_arguments
  error - The named parameter 'label' isn't defined - test\widgets\accessibility_test.dart:104:11 - undefined_named_parameter
  error - The named parameter 'value' isn't defined - test\widgets\accessibility_test.dart:105:11 - undefined_named_parameter
  error - 2 positional arguments expected by 'summaryCardLabel', but 0 found - test\widgets\accessibility_test.dart:114:11 - not_enough_positional_arguments
  error - The named parameter 'title' isn't defined - test\widgets\accessibility_test.dart:114:11 - undefined_named_parameter
  error - The named parameter 'value' isn't defined - test\widgets\accessibility_test.dart:115:11 - undefined_named_parameter
  error - The named parameter 'subtitle' isn't defined - test\widgets\accessibility_test.dart:116:11 - undefined_named_parameter
  error - 2 positional arguments expected by 'summaryCardLabel', but 0 found - test\widgets\accessibility_test.dart:123:11 - not_enough_positional_arguments
  error - The named parameter 'title' isn't defined - test\widgets\accessibility_test.dart:123:11 - undefined_named_parameter
  error - The named parameter 'value' isn't defined - test\widgets\accessibility_test.dart:124:11 - undefined_named_parameter
  error - The method 'chartLabel' isn't defined for the type 'StatisticsAccessibility' - test\widgets\accessibility_test.dart:132:47 - undefined_method
  error - The method 'chartLabel' isn't defined for the type 'StatisticsAccessibility' - test\widgets\accessibility_test.dart:141:47 - undefined_method
  error - The argument type 'Null' can't be assigned to the parameter type 'VoidCallback'.  - test\widgets\accessibility_test.dart:277:26 - argument_type_not_assignable
  error - The named parameter 'leading' is required, but there's no corresponding argument - test\widgets\accessibility_test.dart:516:19 - missing_required_argument
  error - The named parameter 'onTap' is required, but there's no corresponding argument - test\widgets\accessibility_test.dart:516:19 - missing_required_argument
  error - The named parameter 'subtitle' is required, but there's no corresponding argument - test\widgets\accessibility_test.dart:516:19 - missing_required_argument
  error - The named parameter 'trailing' is required, but there's no corresponding argument - test\widgets\accessibility_test.dart:516:19 - missing_required_argument
  error - The named parameter 'leading' is required, but there's no corresponding argument - test\widgets\accessibility_test.dart:544:19 - missing_required_argument
  error - The named parameter 'trailing' is required, but there's no corresponding argument - test\widgets\accessibility_test.dart:544:19 - missing_required_argument
  error - Target of URI doesn't exist: 'package:pario/models/spending_analysis.dart' - test\widgets\spending_trend_and_comparison_test.dart:3:8 - uri_does_not_exist

